docker is awesome
